../WS2812B/WS2812B.c:7:6:PWM_WS2812B_Init	8	static
../WS2812B/WS2812B.c:11:6:WS2812B_Buf_Clear	16	static
../WS2812B/WS2812B.c:22:6:WS2812B_Reset	16	static
../WS2812B/WS2812B.c:31:6:PWM_WS2812B_Write_24Bits	24	static
../WS2812B/WS2812B.c:41:6:WS2812B_Set_Color	24	static
../WS2812B/WS2812B.c:49:6:PWM_WS2812B_Refresh	8	static
../WS2812B/WS2812B.c:54:6:PWM_WS2812B_Red	16	static
../WS2812B/WS2812B.c:58:6:PWM_WS2812B_Green	16	static
../WS2812B/WS2812B.c:62:6:PWM_WS2812B_Blue	16	static
../WS2812B/WS2812B.c:67:6:RGB_Show_64	8	static
