../WS2812B/WS2812B.c:11:10:rgb_to_hsv	64	static
../WS2812B/WS2812B.c:50:10:hsv_to_rgb	56	static
../WS2812B/WS2812B.c:81:10:rgb_to_int	24	static
../WS2812B/WS2812B.c:87:6:PWM_WS2812B_Init	8	static
../WS2812B/WS2812B.c:91:6:WS2812B_Buf_Clear	16	static
../WS2812B/WS2812B.c:102:6:WS2812B_Reset	16	static
../WS2812B/WS2812B.c:111:6:PWM_WS2812B_Write_24Bits	24	static
../WS2812B/WS2812B.c:121:6:WS2812B_Set_Color	24	static
../WS2812B/WS2812B.c:129:6:PWM_WS2812B_Refresh	8	static
../WS2812B/WS2812B.c:134:6:PWM_WS2812B_Red	16	static
../WS2812B/WS2812B.c:138:6:PWM_WS2812B_Green	16	static
../WS2812B/WS2812B.c:142:6:PWM_WS2812B_Blue	16	static
../WS2812B/WS2812B.c:146:6:PWM_WS2812B_Gradual	24	static
../WS2812B/WS2812B.c:155:6:PWM_WS2812B_Rainbow	32	static
../WS2812B/WS2812B.c:172:6:RGB_Show_64	8	static
../WS2812B/WS2812B.c:184:6:Color_Gradual	16	static
